20:57:07 **** Incremental Build of configuration Debug for project acende_apaga ****
make -j24 all 
arm-none-eabi-gcc "../App/acende_apaga.c" -mcpu=cortex-m4 -std=gnu11 -g3 -DDEBUG -DUSE_HAL_DRIVER -DSTM32F411xE -c -I../Core/Inc -I../App -I../Drivers/STM32F4xx_HAL_Driver/Inc -I../Drivers/STM32F4xx_HAL_Driver/Inc/Legacy -I../Drivers/CMSIS/Device/ST/STM32F4xx/Include -I../Drivers/CMSIS/Include -O0 -ffunction-sections -fdata-sections -Wall -fstack-usage -fcyclomatic-complexity -MMD -MP -MF"App/acende_apaga.d" -MT"App/acende_apaga.o" --specs=nano.specs -mfpu=fpv4-sp-d16 -mfloat-abi=hard -mthumb -o "App/acende_apaga.o"
arm-none-eabi-gcc -o "acende_apaga.elf" @"objects.list"   -mcpu=cortex-m4 -T"C:\Users\lucas\OneDrive\Documentos\Faculdade\6 Semestre\Sistemas Embarcados\SEMB1\Listas de STM\Acende - Copia\acende_apaga\STM32F411CEUX_FLASH.ld" --specs=nosys.specs -Wl,-Map="acende_apaga.map" -Wl,--gc-sections -static --specs=nano.specs -mfpu=fpv4-sp-d16 -mfloat-abi=hard -mthumb -Wl,--start-group -lc -lm -Wl,--end-group
Finished building target: acende_apaga.elf
 
arm-none-eabi-size  acende_apaga.elf 
arm-none-eabi-objdump -h -S acende_apaga.elf  > "acende_apaga.list"
   text	   data	    bss	    dec	    hex	filename
   8060	     20	   1644	   9724	   25fc	acende_apaga.elf
Finished building: default.size.stdout
 
Finished building: acende_apaga.list
 

20:57:08 Build Finished. 0 errors, 0 warnings. (took 595ms)

